WARNING: Position عضو المجلس الوطني الاتحادي الإماراتي (Q21328608) not in boundary associated_wikidata_positions
